// Jest Snapshot v1, https://goo.gl/fbAQLP

exports[`should render correctly 1`] = `
<div>
  <header
    class="sc-jRQBWg chAxVJ"
  >
    <a
      class="sc-iCfMLu hZvAbB"
      href="/"
    >
      Todo App
    </a>
  </header>
  <main
    class="sc-gKclnd gNNLtv"
  >
    <form>
      <div
        class="sc-kDTinF hxjcpG"
      >
        <label>
          <span
            class="sc-hKwDye kxofHE"
          >
            Enter New Todo
          </span>
          <input
            class="sc-jrQzAO ifeuhU"
            name="new-todo"
            placeholder="Enter New Todo"
          />
        </label>
        <button
          class="sc-bdvvtL dpejaY"
          disabled=""
          type="submit"
        >
          Add
        </button>
      </div>
    </form>
    <ul
      class="sc-furwcr eKOzAU"
    />
  </main>
</div>
`;
